2026-03-02 20:27:36 - step9_rag_indexer - [32mINFO[0m - [step9_rag_indexer.py:159] - Target directories to index: ['/o_tcg_core_v2p01', '/o_tcg_opal_v2p30', '/o_tcg_test_cases_v1p01']
2026-03-02 20:27:36 - step9_rag_indexer - [32mINFO[0m - [step9_rag_indexer.py:160] - Initializing global ChromaDB at global_db/chroma_db...
2026-03-02 20:27:36 - step9_rag_indexer - [33mWARNING[0m - [step9_rag_indexer.py:178] - Directory /o_tcg_core_v2p01 does not exist. Skipping.
2026-03-02 20:27:36 - step9_rag_indexer - [33mWARNING[0m - [step9_rag_indexer.py:178] - Directory /o_tcg_opal_v2p30 does not exist. Skipping.
2026-03-02 20:27:36 - step9_rag_indexer - [33mWARNING[0m - [step9_rag_indexer.py:178] - Directory /o_tcg_test_cases_v1p01 does not exist. Skipping.
2026-03-02 20:27:36 - step9_rag_indexer - [32mINFO[0m - [step9_rag_indexer.py:180] - Total Indexing Time: 0.00 seconds
2026-03-02 20:29:18 - step9_rag_indexer - [32mINFO[0m - [step9_rag_indexer.py:159] - Target directories to index: ['o_tcg_core_v2p01', 'o_tcg_opal_v2p30', 'o_tcg_test_cases_v1p01']
2026-03-02 20:29:18 - step9_rag_indexer - [32mINFO[0m - [step9_rag_indexer.py:160] - Initializing global ChromaDB at global_db/chroma_db...
2026-03-02 20:29:18 - step9_rag_indexer - [32mINFO[0m - [step9_rag_indexer.py:33] - --- Processing DB: o_tcg_core_v2p01/library.db ---
2026-03-02 20:29:18 - step9_rag_indexer - [32mINFO[0m - [step9_rag_indexer.py:47] - Fetching Sections with Document Info...
2026-03-02 20:29:18 - step9_rag_indexer - [32mINFO[0m - [step9_rag_indexer.py:55] - Fetching Attachments with Document Info...
2026-03-02 20:29:18 - step9_rag_indexer - [32mINFO[0m - [step9_rag_indexer.py:69] - Processing sections...
2026-03-02 20:29:18 - step9_rag_indexer - [32mINFO[0m - [step9_rag_indexer.py:89] - Processing attachments...
2026-03-02 20:29:18 - step9_rag_indexer - [32mINFO[0m - [step9_rag_indexer.py:113] - Total chunks to embed: 1555
2026-03-02 20:29:25 - step9_rag_indexer - [32mINFO[0m - [step9_rag_indexer.py:133] - Finished processing o_tcg_core_v2p01

2026-03-02 20:29:25 - step9_rag_indexer - [32mINFO[0m - [step9_rag_indexer.py:33] - --- Processing DB: o_tcg_opal_v2p30/library.db ---
2026-03-02 20:29:25 - step9_rag_indexer - [32mINFO[0m - [step9_rag_indexer.py:47] - Fetching Sections with Document Info...
2026-03-02 20:29:25 - step9_rag_indexer - [32mINFO[0m - [step9_rag_indexer.py:55] - Fetching Attachments with Document Info...
2026-03-02 20:29:25 - step9_rag_indexer - [32mINFO[0m - [step9_rag_indexer.py:69] - Processing sections...
2026-03-02 20:29:25 - step9_rag_indexer - [32mINFO[0m - [step9_rag_indexer.py:89] - Processing attachments...
2026-03-02 20:29:25 - step9_rag_indexer - [32mINFO[0m - [step9_rag_indexer.py:113] - Total chunks to embed: 243
2026-03-02 20:29:26 - step9_rag_indexer - [32mINFO[0m - [step9_rag_indexer.py:133] - Finished processing o_tcg_opal_v2p30

2026-03-02 20:29:26 - step9_rag_indexer - [32mINFO[0m - [step9_rag_indexer.py:33] - --- Processing DB: o_tcg_test_cases_v1p01/library.db ---
2026-03-02 20:29:26 - step9_rag_indexer - [32mINFO[0m - [step9_rag_indexer.py:47] - Fetching Sections with Document Info...
2026-03-02 20:29:26 - step9_rag_indexer - [32mINFO[0m - [step9_rag_indexer.py:55] - Fetching Attachments with Document Info...
2026-03-02 20:29:26 - step9_rag_indexer - [32mINFO[0m - [step9_rag_indexer.py:69] - Processing sections...
2026-03-02 20:29:26 - step9_rag_indexer - [32mINFO[0m - [step9_rag_indexer.py:89] - Processing attachments...
2026-03-02 20:29:26 - step9_rag_indexer - [32mINFO[0m - [step9_rag_indexer.py:113] - Total chunks to embed: 111
2026-03-02 20:29:27 - step9_rag_indexer - [32mINFO[0m - [step9_rag_indexer.py:133] - Finished processing o_tcg_test_cases_v1p01

2026-03-02 20:29:27 - step9_rag_indexer - [32mINFO[0m - [step9_rag_indexer.py:180] - Total Indexing Time: 8.38 seconds
2026-03-02 20:41:00 - step9_rag_indexer - [32mINFO[0m - [step9_rag_indexer.py:160] - Target directories to index: ['o_tcg_core_v2p01', 'o_tcg_opal_v2p30', 'o_tcg_test_cases_v1p01']
2026-03-02 20:41:00 - step9_rag_indexer - [32mINFO[0m - [step9_rag_indexer.py:161] - Initializing global ChromaDB at global_db/chroma_db...
2026-03-02 20:41:00 - step9_rag_indexer - [32mINFO[0m - [step9_rag_indexer.py:33] - --- Processing DB: o_tcg_core_v2p01/library.db ---
2026-03-02 20:41:00 - step9_rag_indexer - [32mINFO[0m - [step9_rag_indexer.py:48] - Fetching Sections with Document Info...
2026-03-02 20:41:00 - step9_rag_indexer - [32mINFO[0m - [step9_rag_indexer.py:56] - Fetching Attachments with Document Info...
2026-03-02 20:41:00 - step9_rag_indexer - [32mINFO[0m - [step9_rag_indexer.py:70] - Processing sections...
2026-03-02 20:41:00 - step9_rag_indexer - [32mINFO[0m - [step9_rag_indexer.py:90] - Processing attachments...
2026-03-02 20:41:00 - step9_rag_indexer - [32mINFO[0m - [step9_rag_indexer.py:114] - Total chunks to embed: 1555
2026-03-02 20:41:07 - step9_rag_indexer - [32mINFO[0m - [step9_rag_indexer.py:134] - Finished processing o_tcg_core_v2p01

2026-03-02 20:41:07 - step9_rag_indexer - [32mINFO[0m - [step9_rag_indexer.py:33] - --- Processing DB: o_tcg_opal_v2p30/library.db ---
2026-03-02 20:41:07 - step9_rag_indexer - [32mINFO[0m - [step9_rag_indexer.py:48] - Fetching Sections with Document Info...
2026-03-02 20:41:07 - step9_rag_indexer - [32mINFO[0m - [step9_rag_indexer.py:56] - Fetching Attachments with Document Info...
2026-03-02 20:41:07 - step9_rag_indexer - [32mINFO[0m - [step9_rag_indexer.py:70] - Processing sections...
2026-03-02 20:41:07 - step9_rag_indexer - [32mINFO[0m - [step9_rag_indexer.py:90] - Processing attachments...
2026-03-02 20:41:07 - step9_rag_indexer - [32mINFO[0m - [step9_rag_indexer.py:114] - Total chunks to embed: 243
2026-03-02 20:41:08 - step9_rag_indexer - [32mINFO[0m - [step9_rag_indexer.py:134] - Finished processing o_tcg_opal_v2p30

2026-03-02 20:41:08 - step9_rag_indexer - [32mINFO[0m - [step9_rag_indexer.py:33] - --- Processing DB: o_tcg_test_cases_v1p01/library.db ---
2026-03-02 20:41:08 - step9_rag_indexer - [32mINFO[0m - [step9_rag_indexer.py:48] - Fetching Sections with Document Info...
2026-03-02 20:41:08 - step9_rag_indexer - [32mINFO[0m - [step9_rag_indexer.py:56] - Fetching Attachments with Document Info...
2026-03-02 20:41:08 - step9_rag_indexer - [32mINFO[0m - [step9_rag_indexer.py:70] - Processing sections...
2026-03-02 20:41:08 - step9_rag_indexer - [32mINFO[0m - [step9_rag_indexer.py:90] - Processing attachments...
2026-03-02 20:41:08 - step9_rag_indexer - [32mINFO[0m - [step9_rag_indexer.py:114] - Total chunks to embed: 111
2026-03-02 20:41:08 - step9_rag_indexer - [32mINFO[0m - [step9_rag_indexer.py:134] - Finished processing o_tcg_test_cases_v1p01

2026-03-02 20:41:08 - step9_rag_indexer - [32mINFO[0m - [step9_rag_indexer.py:181] - Total Indexing Time: 8.42 seconds
